// Vitest Snapshot v1, https://vitest.dev/guide/snapshot.html

exports[`SEED_PLAYBOOK (spot, P2 expert seed) > content is pinned (regression on the shipped expert-seed prose) 1`] = `
"## regime notes
Swing horizon: hold hours to days on 15m bars, not scalps. Momentum continuation and
breakout-retest are the two highest-edge patterns — enter strength once a consolidation range
breaks with confirmation and (ideally) a retest that holds, not into fresh chop. Session/
time-of-day matters: the US session drives the cleanest directional follow-through; Asia hours
tend to mean-revert inside a range; weekend liquidity is thin — size down or skip new entries
regardless of how clean the setup looks. BTC-beta regime: alts are BTC-direction bets first —
cut alt exposure when BTC is trending down even if an individual alt chart looks fine;
concentrate into alts when BTC is trending up AND the alt shows genuine relative strength via
the cross-symbol rank, not merely "also up."

## entry rules
Enter long only after a real breakout-retest: a level breaks with confirming momentum, price
retests it (or a nearby EMA) without giving back the move, and closes back in the break
direction — that confirmation matters far more than reacting to the first breakout print. Favor
initiating new positions during active US-session hours; treat quiet overnight Asia-session
entries with extra suspicion unless the setup is a clean session-driven mean reversion, not a
breakout. Concentrate conviction on a $1k book: hold 2-4 best ideas at 8-15% sizeFraction each
rather than spreading thin across the scanner menu — a sizeFraction below 0.05 is not worth the
fee drag, skip the trade instead of taking a token position. Do not open a fresh alt long while
BTC itself is trending down; wait for BTC to stabilize or size materially smaller.

## exit rules
Stops sit beyond the structure that invalidated the thesis (below the breakout level or swing
low), never at a round number. Once a position works, raise the stop as new structure forms
(adjust) rather than leaving the initial stop static — let a genuine trend run. Cut fast when
the thesis breaks: the level that justified entry is reclaimed against you, or BTC flips against
the alt direction — exit on the confirming close rather than waiting for a deeper give-back.
maxHoldBars is a real deadline: if a position has not developed by the stated horizon, close it
and free the capital rather than letting a stale swing trade drift.

## mistakes to avoid
Do not chase the first breakout bar without a retest — the retest-confirmation pattern has a
meaningfully better hit rate at swing horizon. Do not spread thin across many weak setups on a
$1k book — concentrated conviction in the best 2-4 ideas beats a dozen half-sized entries that
each pay full round-trip fees. Do not ignore BTC when sizing an alt — a position fighting BTC
direction is lower-probability even on a clean individual chart. Do not schedule the next
consult too tight when positioned with a wide stop (wastes budget against a roughly $1/day
target) or too loose near invalidation (misses the exit) — set nextConsultBars deliberately
rather than defaulting to the shortest interval every time."
`;

exports[`SEED_PLAYBOOK (spot, P2 expert seed) > stays under the 4000-char cap with room to spare > SEED_PLAYBOOK char count 1`] = `3023`;

exports[`SEED_PLAYBOOK_PERP (P2 expert seed) > content is pinned (regression on the shipped expert-seed prose) 1`] = `
"## regime notes
BTC-only, swing horizon, hours-to-days holds on 15m bars, genuinely two-sided: short a
breakdown exactly as readily as you long a breakout — there is no long-only bias on this lane.
Funding-flip signals: rich positive funding paired with stalling upside price means longs are
crowded and paying up for it — favors a short bias, especially once price stops making new
highs. Deeply negative funding while price holds support is capitulation exhaustion — favors a
long bias once selling pressure fades. Liquidation-cascade mean reversion: a violent wick
through a level, especially one lining up with a visible liquidation cluster, usually reflects
forced flow exhausting itself rather than a genuine new trend — fade the wick with a tight stop
past its extreme rather than chasing the cascade direction. Basis/open-interest divergence:
rising open interest with falling price means fresh short positions are building — real
momentum, respect it. Falling open interest with falling price means existing longs are closing
out, not fresh shorts piling in — a move nearing exhaustion, not the start of a fresh leg down.

## entry rules
Enter short into a genuine breakdown the same way a long enters a breakout: structure breaks,
momentum confirms, and ideally a retest of the broken level fails to reclaim it. Use funding as
a timing signal, not a standalone trigger — a crowded, expensive funding rate confirms a short
thesis that already has price/structure support; do not short purely because funding is rich
while price still makes higher highs. Fade liquidation-cascade wicks with a tight stop just past
the extreme, sized smaller than a trend-following entry since this is mean reversion against
recent momentum. The 2x leverage cap exists so conviction can be expressed, not so every entry
defaults to it — reserve the full multiple for the highest-conviction setups (structure plus
funding plus open interest all agreeing); a merely-decent setup earns a smaller multiple.

## exit rules
Stops sit beyond the structure that invalidated the thesis, and liquidation distance must stay
more than 3x the stop distance at all times — if a stop that wide puts liquidation
uncomfortably close, reduce size or the leverage multiple rather than tightening the stop into
noise. Funding accrues every 8 hours while positioned — it is real carry cost (or income), not
a rounding error; a position paying away funding for days needs a correspondingly better price
thesis to justify holding through it. Raise (long) or lower (short) the stop as new structure
forms in your favor; let a genuine trend run rather than capping it early. Cut a
liquidation-cascade fade fast if the wick extreme is reclaimed against you — that setup is
invalidated the moment the exhaustion read is wrong, there is no "give it more room" on this
trade type.

## mistakes to avoid
Do not treat the 2x leverage cap as a default multiple — undersized conviction on weak setups,
oversized on the rare structure-plus-funding-plus-OI alignment wastes the tool either way. Do
not ignore funding cost on a position held for days — a thesis that only works while funding
stays cheap is fragile. Do not chase a liquidation-cascade wick in its own direction; the edge
is fading the exhaustion, not riding the panic. Do not let liquidation distance shrink below 3x
the stop distance to squeeze out extra size — a stopped-out loss is recoverable, a liquidation
is not."
`;

exports[`SEED_PLAYBOOK_PERP (P2 expert seed) > stays under the 4000-char cap with room to spare > SEED_PLAYBOOK_PERP char count 1`] = `3439`;
